Watching for file changes with StatReloader
[04/May/2026 09:39:40] "OPTIONS /api/users/login/ HTTP/1.1" 200 0
[04/May/2026 09:39:42] "POST /api/users/login/ HTTP/1.1" 200 736
[04/May/2026 09:39:42] "OPTIONS /api/pets/ HTTP/1.1" 200 0
[04/May/2026 09:39:42] "OPTIONS /api/notifications/ HTTP/1.1" 200 0
[04/May/2026 09:39:42] "GET /api/notifications/ HTTP/1.1" 200 5933
[04/May/2026 09:39:42] "GET /api/pets/ HTTP/1.1" 200 389
[04/May/2026 09:39:55] "OPTIONS /api/adoption/requests/ HTTP/1.1" 200 0
[04/May/2026 09:39:55] "GET /api/pets/ HTTP/1.1" 200 389
[04/May/2026 09:39:55] "GET /api/adoption/requests/ HTTP/1.1" 200 2
[04/May/2026 09:39:55] "GET /api/notifications/ HTTP/1.1" 200 5933
[04/May/2026 09:39:57] "OPTIONS /api/pets/admin/activity/ HTTP/1.1" 200 0
[04/May/2026 09:39:57] "OPTIONS /api/pets/requests/ HTTP/1.1" 200 0
[04/May/2026 09:39:57] "GET /api/pets/admin/activity/ HTTP/1.1" 200 736
[04/May/2026 09:39:57] "GET /api/pets/requests/ HTTP/1.1" 200 2
[04/May/2026 09:39:58] "GET /api/adoption/requests/ HTTP/1.1" 200 2
[04/May/2026 09:39:59] "OPTIONS /api/categories/ HTTP/1.1" 200 0
[04/May/2026 09:39:59] "GET /api/categories/ HTTP/1.1" 200 149
[04/May/2026 09:40:01] "OPTIONS /api/users/admin/ HTTP/1.1" 200 0
[04/May/2026 09:40:01] "GET /api/users/admin/ HTTP/1.1" 200 151
[04/May/2026 09:40:03] "GET /api/pets/ HTTP/1.1" 200 389
[04/May/2026 09:40:03] "GET /api/adoption/requests/ HTTP/1.1" 200 2
[04/May/2026 09:40:05] "GET /api/pets/ HTTP/1.1" 200 389
[04/May/2026 09:40:05] "GET /api/notifications/ HTTP/1.1" 200 5933
[04/May/2026 09:40:09] "OPTIONS /api/pets/colors/ HTTP/1.1" 200 0
[04/May/2026 09:40:09] "GET /api/pets/ HTTP/1.1" 200 389
[04/May/2026 09:40:09] "GET /api/categories/ HTTP/1.1" 200 149
[04/May/2026 09:40:09] "GET /api/pets/colors/ HTTP/1.1" 200 10
Not Found: /
[04/May/2026 09:40:16] "GET / HTTP/1.1" 404 3261
Not Found: /
[04/May/2026 09:40:16] "GET / HTTP/1.1" 404 3261
[04/May/2026 16:35:14] "OPTIONS /api/pets/ HTTP/1.1" 200 0
[04/May/2026 16:35:14] "OPTIONS /api/notifications/ HTTP/1.1" 200 0
Unauthorized: /api/pets/
Unauthorized: /api/notifications/
[04/May/2026 16:35:14] "GET /api/pets/ HTTP/1.1" 401 172
[04/May/2026 16:35:14] "GET /api/notifications/ HTTP/1.1" 401 172
[04/May/2026 16:35:14] "OPTIONS /api/users/token/refresh/ HTTP/1.1" 200 0
[04/May/2026 16:35:14] "OPTIONS /api/users/token/refresh/ HTTP/1.1" 200 0
Unauthorized: /api/users/token/refresh/
Unauthorized: /api/users/token/refresh/
[04/May/2026 16:35:14] "POST /api/users/token/refresh/ HTTP/1.1" 401 54
[04/May/2026 16:35:14] "POST /api/users/token/refresh/ HTTP/1.1" 401 54
[04/May/2026 16:35:21] "OPTIONS /api/users/login/ HTTP/1.1" 200 0
[04/May/2026 16:35:22] "POST /api/users/login/ HTTP/1.1" 200 736
[04/May/2026 16:35:22] "GET /api/pets/ HTTP/1.1" 200 389
[04/May/2026 16:35:22] "GET /api/notifications/ HTTP/1.1" 200 5933
[04/May/2026 16:35:25] "OPTIONS /api/categories/ HTTP/1.1" 200 0
[04/May/2026 16:35:25] "GET /api/categories/ HTTP/1.1" 200 149
[04/May/2026 16:35:37] "GET /api/notifications/ HTTP/1.1" 200 5933
[04/May/2026 16:35:39] "OPTIONS /api/adoption/my/ HTTP/1.1" 200 0
[04/May/2026 16:35:39] "GET /api/adoption/my/ HTTP/1.1" 200 2
[04/May/2026 16:35:40] "OPTIONS /api/pets/colors/ HTTP/1.1" 200 0
[04/May/2026 16:35:40] "GET /api/pets/ HTTP/1.1" 200 389
[04/May/2026 16:35:40] "GET /api/categories/ HTTP/1.1" 200 149
[04/May/2026 16:35:40] "GET /api/pets/colors/ HTTP/1.1" 200 10
[04/May/2026 16:35:41] "OPTIONS /api/adoption/requests/ HTTP/1.1" 200 0
[04/May/2026 16:35:41] "GET /api/notifications/ HTTP/1.1" 200 5933
[04/May/2026 16:35:41] "GET /api/pets/ HTTP/1.1" 200 389
[04/May/2026 16:35:41] "GET /api/adoption/requests/ HTTP/1.1" 200 2
[04/May/2026 16:35:43] "OPTIONS /api/pets/requests/ HTTP/1.1" 200 0
[04/May/2026 16:35:43] "OPTIONS /api/pets/admin/activity/ HTTP/1.1" 200 0
[04/May/2026 16:35:43] "GET /api/pets/admin/activity/ HTTP/1.1" 200 736
[04/May/2026 16:35:43] "GET /api/pets/requests/ HTTP/1.1" 200 2
[04/May/2026 16:35:43] "GET /api/adoption/requests/ HTTP/1.1" 200 2
[04/May/2026 16:35:44] "GET /api/categories/ HTTP/1.1" 200 149
[04/May/2026 16:35:44] "OPTIONS /api/users/admin/ HTTP/1.1" 200 0
[04/May/2026 16:35:44] "GET /api/users/admin/ HTTP/1.1" 200 151
[04/May/2026 16:35:45] "GET /api/pets/ HTTP/1.1" 200 389
[04/May/2026 16:35:45] "GET /api/adoption/requests/ HTTP/1.1" 200 2
[04/May/2026 16:35:50] "GET /api/notifications/ HTTP/1.1" 200 5933
[04/May/2026 16:35:50] "GET /api/pets/ HTTP/1.1" 200 389
[04/May/2026 16:35:51] "GET /api/categories/ HTTP/1.1" 200 149
[04/May/2026 16:35:52] "GET /api/pets/ HTTP/1.1" 200 389
